Deployment Started
java version "21.0.10" 2026-01-20 LTS
Java(TM) SE Runtime Environment (build 21.0.10+8-LTS-217)
Java HotSpot(TM) 64-Bit Server VM (build 21.0.10+8-LTS-217, mixed mode, sharing)
Apache Maven 3.9.16 (2bdd9fddda4b155ebf8000e807eb73fd829a51d5)
Maven home: C:\Users\muzam\Downloads\apache-maven-3.9.16-bin\apache-maven-3.9.16
Java version: 21.0.10, vendor: Oracle Corporation, runtime: C:\Program Files\Java\jdk-21.0.10
Default locale: en_IN, platform encoding: UTF-8
OS name: "windows 11", version: "10.0", arch: "amd64", family: "windows"
Docker version 29.6.1, build 8900f1d
[INFO] Scanning for projects...
[ERROR] [ERROR] Some problems were encountered while processing the POMs:
[FATAL] 'modelVersion' of '5.0.0' is newer than the versions supported by this version of Maven: [4.0.0]. Building this project requires a newer version of Maven. @ line 3, column 17
 @ 
[ERROR] The build could not read 1 project -> [Help 1]
[ERROR]   
[ERROR]   The project org.springframework.samples:spring-petclinic:5.1.0-SNAPSHOT (C:\Users\muzam\Downloads\spring-petclinic-main\spring-petclinic-main\pom.xml) has 1 error
[ERROR]     'modelVersion' of '5.0.0' is newer than the versions supported by this version of Maven: [4.0.0]. Building this project requires a newer version of Maven. @ line 3, column 17
[ERROR] 
[ERROR] To see the full stack trace of the errors, re-run Maven with the -e switch.
[ERROR] Re-run Maven using the -X switch to enable full debug logging.
[ERROR] 
[ERROR] For more information about the errors and possible solutions, please read the following articles:
[ERROR] [Help 1] http://cwiki.apache.org/confluence/display/MAVEN/ProjectBuildingException
Deployment Started
script.sh: line 10: java: command not found
Deployment Started
java version "21.0.10" 2026-01-20 LTS
Java(TM) SE Runtime Environment (build 21.0.10+8-LTS-217)
Java HotSpot(TM) 64-Bit Server VM (build 21.0.10+8-LTS-217, mixed mode, sharing)
Apache Maven 3.9.16 (2bdd9fddda4b155ebf8000e807eb73fd829a51d5)
Maven home: C:\Users\muzam\Downloads\apache-maven-3.9.16-bin\apache-maven-3.9.16
Java version: 21.0.10, vendor: Oracle Corporation, runtime: C:\Program Files\Java\jdk-21.0.10
Default locale: en_IN, platform encoding: UTF-8
OS name: "windows 11", version: "10.0", arch: "amd64", family: "windows"
Docker version 29.6.1, build 8900f1d
[INFO] Scanning for projects...
Downloading from central: https://repo.maven.apache.org/maven2/org/springframework/boot/spring-boot-starter-parent/5.1.0/spring-boot-starter-parent-5.1.0.pom
[ERROR] [ERROR] Some problems were encountered while processing the POMs:
[FATAL] Non-resolvable parent POM for org.springframework.samples:spring-petclinic:5.1.0-SNAPSHOT: The following artifacts could not be resolved: org.springframework.boot:spring-boot-starter-parent:pom:5.1.0 (absent): Could not find artifact org.springframework.boot:spring-boot-starter-parent:pom:5.1.0 in central (https://repo.maven.apache.org/maven2) and 'parent.relativePath' points at wrong local POM @ line 5, column 11
 @ 
[ERROR] The build could not read 1 project -> [Help 1]
[ERROR]   
[ERROR]   The project org.springframework.samples:spring-petclinic:5.1.0-SNAPSHOT (C:\Users\muzam\Downloads\spring-petclinic-main\spring-petclinic-main\pom.xml) has 1 error
[ERROR]     Non-resolvable parent POM for org.springframework.samples:spring-petclinic:5.1.0-SNAPSHOT: The following artifacts could not be resolved: org.springframework.boot:spring-boot-starter-parent:pom:5.1.0 (absent): Could not find artifact org.springframework.boot:spring-boot-starter-parent:pom:5.1.0 in central (https://repo.maven.apache.org/maven2) and 'parent.relativePath' points at wrong local POM @ line 5, column 11 -> [Help 2]
[ERROR] 
[ERROR] To see the full stack trace of the errors, re-run Maven with the -e switch.
[ERROR] Re-run Maven using the -X switch to enable full debug logging.
[ERROR] 
[ERROR] For more information about the errors and possible solutions, please read the following articles:
[ERROR] [Help 1] http://cwiki.apache.org/confluence/display/MAVEN/ProjectBuildingException
[ERROR] [Help 2] http://cwiki.apache.org/confluence/display/MAVEN/UnresolvableModelException
